[bigbangthemes.net/3Angle_HTML/index.html]
[backblue.gif]
[fade.gif]
[index.html]
[bigbangthemes.net/3Angle_HTML/css/bootstrap.css]
[bigbangthemes.net/3Angle_HTML/css/layout.css]
[bigbangthemes.net/3Angle_HTML/img/main-logo.png]
[bigbangthemes.net/3Angle_HTML/index-2.html]
[bigbangthemes.net/3Angle_HTML/about.html]
[bigbangthemes.net/3Angle_HTML/services.html]
[bigbangthemes.net/3Angle_HTML/portfolio.html]
[bigbangthemes.net/3Angle_HTML/blog.html]
[bigbangthemes.net/3Angle_HTML/contact.html]
[bigbangthemes.net/3Angle_HTML/img/icons/s_rocket.png]
[bigbangthemes.net/3Angle_HTML/img/icons/s_globe.png]
[bigbangthemes.net/3Angle_HTML/img/icons/s_umbrella.png]
[bigbangthemes.net/3Angle_HTML/img/demo/gallery-1.jpg]
[bigbangthemes.net/3Angle_HTML/img/demo/gallery-2.jpg]
[bigbangthemes.net/3Angle_HTML/img/demo/gallery-3.jpg]
[bigbangthemes.net/3Angle_HTML/img/demo/gallery-4.jpg]
[bigbangthemes.net/3Angle_HTML/img/demo/testimonials/1.png]
[bigbangthemes.net/3Angle_HTML/img/demo/testimonials/2.png]
[bigbangthemes.net/3Angle_HTML/img/demo/testimonials/3.png]
[bigbangthemes.net/3Angle_HTML/img/demo/client-1.png]
[bigbangthemes.net/3Angle_HTML/img/demo/client-2.png]
[bigbangthemes.net/3Angle_HTML/img/demo/client-3.png]
[bigbangthemes.net/3Angle_HTML/img/footer-logo.png]
[bigbangthemes.net/3Angle_HTML/js/jquery.min.js]
[bigbangthemes.net/3Angle_HTML/js/isotope.js]
[bigbangthemes.net/3Angle_HTML/js/parsley.js]
[bigbangthemes.net/3Angle_HTML/index.html]
[bigbangthemes.net/3Angle_HTML/css/bootstrap.css]
[bigbangthemes.net/3Angle_HTML/js/script.js]
[bigbangthemes.net/3Angle_HTML/img/sprite.png]
[bigbangthemes.net/3Angle_HTML/img/socialsprite.png]
[bigbangthemes.net/3Angle_HTML/img/demo/index-header.png]
[bigbangthemes.net/3Angle_HTML/img/demo/small-header-2.png]
[bigbangthemes.net/3Angle_HTML/img/demo/small-header-1.png]
[bigbangthemes.net/3Angle_HTML/img/demo/small-header-3.png]
[bigbangthemes.net/3Angle_HTML/img/demo/small-header-4.png]
[bigbangthemes.net/3Angle_HTML/img/demo/small-header-5.png]
[bigbangthemes.net/3Angle_HTML/img/icons/arrow-normal.png]
[bigbangthemes.net/3Angle_HTML/img/icons/arrow-hover.png]
[bigbangthemes.net/3Angle_HTML/img/portfolio-type/video.png]
[bigbangthemes.net/3Angle_HTML/img/portfolio-type/image.png]
[bigbangthemes.net/3Angle_HTML/img/portfolio-type/gallery.png]
[bigbangthemes.net/3Angle_HTML/img/icons/author.png]
[bigbangthemes.net/3Angle_HTML/img/icons/category.png]
[bigbangthemes.net/3Angle_HTML/img/icons/comments.png]
[bigbangthemes.net/3Angle_HTML/css/layout.css]
[bigbangthemes.net/3Angle_HTML/index-2.html]
[bigbangthemes.net/3Angle_HTML/img/demo/portfolio/1.png]
[bigbangthemes.net/3Angle_HTML/img/demo/portfolio/2.png]
[bigbangthemes.net/3Angle_HTML/img/demo/portfolio/4.png]
[bigbangthemes.net/3Angle_HTML/about.html]
[bigbangthemes.net/3Angle_HTML/services.html]
[bigbangthemes.net/3Angle_HTML/img/demo/portfolio/3.png]
[bigbangthemes.net/3Angle_HTML/img/demo/portfolio/5.png]
[bigbangthemes.net/3Angle_HTML/img/demo/portfolio/6.png]
[bigbangthemes.net/3Angle_HTML/img/demo/portfolio/7.png]
[bigbangthemes.net/3Angle_HTML/img/demo/portfolio/8.png]
[bigbangthemes.net/3Angle_HTML/img/demo/portfolio/9.png]
[bigbangthemes.net/3Angle_HTML/portfolio.html]
[bigbangthemes.net/3Angle_HTML/img/demo/blog/1.png]
[bigbangthemes.net/3Angle_HTML/img/demo/blog/2.png]
[bigbangthemes.net/3Angle_HTML/img/demo/blog/3.png]
[bigbangthemes.net/3Angle_HTML/blog.html]
[bigbangthemes.net/3Angle_HTML/contact.html]
